[1,0] => 1
[1,-1] => 0
[1,-5] => -4
[2,0] => 2
[2,-1] => 1
[2,-5] => -3
[3,0] => 3
[3,-1] => 2
[3,-5] => -2
